
[1m[46m RUN [49m[22m [36mv4.0.14 [39m[90m/home/shani/personalProjects/interviewAI/frontend[39m

